I'm sorry, but errors were detected in your script. Please correct the
errors listed below, and try again.


File "game/script.rpy", line 90: expected statement.
    renpy.say(None, history_text)  
                                   ^

Ren'Py Version: Ren'Py 8.3.2.24090902
Sat Oct 19 13:29:48 2024
